This is pdfTeX, Version 3.141592653-2.6-1.40.26 (TeX Live 2025/dev/Debian) (preloaded format=pdflatex 2025.12.16)  5 FEB 2026 09:36
entering extended mode
 restricted \write18 enabled.
 %&-line parsing enabled.
**HP_structure.tex
(./HP_structure.tex
LaTeX2e <2024-11-01> patch level 2
L3 programming layer <2025-01-18>
(/usr/share/texlive/texmf-dist/tex/latex/base/article.cls
Document Class: article 2024/06/29 v1.4n Standard LaTeX document class
(/usr/share/texlive/texmf-dist/tex/latex/base/size10.clo
File: size10.clo 2024/06/29 v1.4n Standard LaTeX file (size option)
)
\c@part=\count196
\c@section=\count197
\c@subsection=\count198
\c@subsubsection=\count199
\c@paragraph=\count266
\c@subparagraph=\count267
\c@figure=\count268
\c@table=\count269
\abovecaptionskip=\skip49
\belowcaptionskip=\skip50
\bibindent=\dimen141
)
(/usr/share/texlive/texmf-dist/tex/latex/base/inputenc.sty
Package: inputenc 2024/02/08 v1.3d Input encoding file
\inpenc@prehook=\toks17
\inpenc@posthook=\toks18
)
(/usr/share/texlive/texmf-dist/tex/latex/fancyvrb/fancyvrb.sty
Package: fancyvrb 2024/01/20 4.5c verbatim text (tvz,hv)

(/usr/share/texlive/texmf-dist/tex/latex/graphics/keyval.sty
Package: keyval 2022/05/29 v1.15 key=value parser (DPC)
\KV@toks@=\toks19
)
\FV@CodeLineNo=\count270
\FV@InFile=\read2
\FV@TabBox=\box52
\c@FancyVerbLine=\count271
\FV@StepNumber=\count272
\FV@OutFile=\write3
)
(/usr/share/texlive/texmf-dist/tex/latex/l3backend/l3backend-pdftex.def
File: l3backend-pdftex.def 2024-05-08 L3 backend support: PDF output (pdfTeX)
\l__color_backend_stack_int=\count273
\l__pdf_internal_box=\box53
)
(./HP_structure.aux)
\openout1 = `HP_structure.aux'.

LaTeX Font Info:    Checking defaults for OML/cmm/m/it on input line 8.
LaTeX Font Info:    ... okay on input line 8.
LaTeX Font Info:    Checking defaults for OMS/cmsy/m/n on input line 8.
LaTeX Font Info:    ... okay on input line 8.
LaTeX Font Info:    Checking defaults for OT1/cmr/m/n on input line 8.
LaTeX Font Info:    ... okay on input line 8.
LaTeX Font Info:    Checking defaults for T1/cmr/m/n on input line 8.
LaTeX Font Info:    ... okay on input line 8.
LaTeX Font Info:    Checking defaults for TS1/cmr/m/n on input line 8.
LaTeX Font Info:    ... okay on input line 8.
LaTeX Font Info:    Checking defaults for OMX/cmex/m/n on input line 8.
LaTeX Font Info:    ... okay on input line 8.
LaTeX Font Info:    Checking defaults for U/cmr/m/n on input line 8.
LaTeX Font Info:    ... okay on input line 8.
LaTeX Font Info:    External font `cmex10' loaded for size
(Font)              <12> on input line 9.
LaTeX Font Info:    External font `cmex10' loaded for size
(Font)              <8> on input line 9.
LaTeX Font Info:    External font `cmex10' loaded for size
(Font)              <6> on input line 9.

Overfull \hbox (27.74551pt too wide) in paragraph at lines 377--377
[]                    \OT1/cmtt/m/n/10 Closes equivalent G2Cryst_allvars \TS1/c
mtt/m/n/10 ^^Y \OT1/cmtt/m/n/10 list [12 items][] 
 []



[1

{/var/lib/texmf/fonts/map/pdftex/updmap/pdftex.map}{/usr/share/texmf/fonts/enc/
dvips/cm-super/cm-super-ts1.enc}]
Overfull \hbox (22.49556pt too wide) in paragraph at lines 377--377
[]                    \OT1/cmtt/m/n/10 Theory <100>PF_avg_symop_allvars \TS1/cm
tt/m/n/10 ^^Y \OT1/cmtt/m/n/10 list [12 items][] 
 []


Overfull \hbox (6.7457pt too wide) in paragraph at lines 377--377
[]                    \OT1/cmtt/m/n/10 Transformation strain_allvars \TS1/cmtt/
m/n/10 ^^Y \OT1/cmtt/m/n/10 list [12 items][] 
 []


Overfull \hbox (11.99565pt too wide) in paragraph at lines 377--377
[]                         \OT1/cmtt/m/n/10 interface_trace_sample \TS1/cmtt/m/
n/10 ^^Y \OT1/cmtt/m/n/10 array[3] <float64>[] 
 []


Overfull \hbox (32.99547pt too wide) in paragraph at lines 377--377
[]                         \OT1/cmtt/m/n/10 interfacenorm_trace_sample \TS1/cmt
t/m/n/10 ^^Y \OT1/cmtt/m/n/10 array[3] <float64>[] 
 []


Overfull \hbox (22.49432pt too wide) in paragraph at lines 377--377
[]                                   \OT1/cmtt/m/n/10 n_vec_sampl \TS1/cmtt/m/n
/10 ^^Y \OT1/cmtt/m/n/10 array[10\TS1/cmtt/m/n/10 Ö\OT1/cmtt/m/n/10 3] <float64
>[] 
 []



[2]
Overfull \hbox (6.74446pt too wide) in paragraph at lines 377--377
[]                                   \OT1/cmtt/m/n/10 n_miller \TS1/cmtt/m/n/10
 ^^Y \OT1/cmtt/m/n/10 array[10\TS1/cmtt/m/n/10 Ö\OT1/cmtt/m/n/10 3] <float64>[]
 
 []


Overfull \hbox (43.49414pt too wide) in paragraph at lines 377--377
[]                                   \OT1/cmtt/m/n/10 n_miller_family \TS1/cmtt
/m/n/10 ^^Y \OT1/cmtt/m/n/10 array[10\TS1/cmtt/m/n/10 Ö\OT1/cmtt/m/n/10 3] <flo
at64>[] 
 []


Overfull \hbox (48.7441pt too wide) in paragraph at lines 377--377
[]                                   \OT1/cmtt/m/n/10 n_miller_normvec \TS1/cmt
t/m/n/10 ^^Y \OT1/cmtt/m/n/10 array[10\TS1/cmtt/m/n/10 Ö\OT1/cmtt/m/n/10 3] <fl
oat64>[] 
 []


Overfull \hbox (80.24382pt too wide) in paragraph at lines 377--377
[]                                   \OT1/cmtt/m/n/10 n_miller_normvec_sampl \T
S1/cmtt/m/n/10 ^^Y \OT1/cmtt/m/n/10 array[10\TS1/cmtt/m/n/10 Ö\OT1/cmtt/m/n/10 
3] <float64>[] 
 []


Overfull \hbox (32.99547pt too wide) in paragraph at lines 377--377
[]                                   \OT1/cmtt/m/n/10 HPvsTrace_angle \TS1/cmtt
/m/n/10 ^^Y \OT1/cmtt/m/n/10 array[10] <float64>[] 
 []


Overfull \hbox (22.49432pt too wide) in paragraph at lines 377--377
[]                                   \OT1/cmtt/m/n/10 n_vec_sampl \TS1/cmtt/m/n
/10 ^^Y \OT1/cmtt/m/n/10 array[15\TS1/cmtt/m/n/10 Ö\OT1/cmtt/m/n/10 3] <float64
>[] 
 []


Overfull \hbox (6.74446pt too wide) in paragraph at lines 377--377
[]                                   \OT1/cmtt/m/n/10 n_miller \TS1/cmtt/m/n/10
 ^^Y \OT1/cmtt/m/n/10 array[15\TS1/cmtt/m/n/10 Ö\OT1/cmtt/m/n/10 3] <float64>[]
 
 []


Overfull \hbox (43.49414pt too wide) in paragraph at lines 377--377
[]                                   \OT1/cmtt/m/n/10 n_miller_family \TS1/cmtt
/m/n/10 ^^Y \OT1/cmtt/m/n/10 array[15\TS1/cmtt/m/n/10 Ö\OT1/cmtt/m/n/10 3] <flo
at64>[] 
 []


Overfull \hbox (48.7441pt too wide) in paragraph at lines 377--377
[]                                   \OT1/cmtt/m/n/10 n_miller_normvec \TS1/cmt
t/m/n/10 ^^Y \OT1/cmtt/m/n/10 array[15\TS1/cmtt/m/n/10 Ö\OT1/cmtt/m/n/10 3] <fl
oat64>[] 
 []


Overfull \hbox (80.24382pt too wide) in paragraph at lines 377--377
[]                                   \OT1/cmtt/m/n/10 n_miller_normvec_sampl \T
S1/cmtt/m/n/10 ^^Y \OT1/cmtt/m/n/10 array[15\TS1/cmtt/m/n/10 Ö\OT1/cmtt/m/n/10 
3] <float64>[] 
 []


Overfull \hbox (32.99547pt too wide) in paragraph at lines 377--377
[]                                   \OT1/cmtt/m/n/10 HPvsTrace_angle \TS1/cmtt
/m/n/10 ^^Y \OT1/cmtt/m/n/10 array[15] <float64>[] 
 []


Overfull \hbox (38.24542pt too wide) in paragraph at lines 377--377
[]                                   \OT1/cmtt/m/n/10 low index habit plane \TS
1/cmtt/m/n/10 ^^Y \OT1/cmtt/m/n/10 list [3 items][] 
 []


Overfull \hbox (17.2456pt too wide) in paragraph at lines 377--377
[]                                   \OT1/cmtt/m/n/10 mean misalignment \TS1/cm
tt/m/n/10 ^^Y \OT1/cmtt/m/n/10 list [3 items][] 
 []


Overfull \hbox (106.49483pt too wide) in paragraph at lines 377--377
[]                                   \OT1/cmtt/m/n/10 number of corresponding d
irections \TS1/cmtt/m/n/10 ^^Y \OT1/cmtt/m/n/10 list [3 items][] 
 []


Overfull \hbox (17.2456pt too wide) in paragraph at lines 377--377
[]                                   \OT1/cmtt/m/n/10 Habit plane normal \TS1/c
mtt/m/n/10 ^^Y \OT1/cmtt/m/n/10 dict [8 keys][] 
 []


Overfull \hbox (17.2456pt too wide) in paragraph at lines 377--377
[]                                             \OT1/cmtt/m/n/10 [0] \TS1/cmtt/m
/n/10 ^^Y \OT1/cmtt/m/n/10 array[3] <float64>[] 
 []


Overfull \hbox (11.99565pt too wide) in paragraph at lines 377--377
[]                                        \OT1/cmtt/m/n/10 n_vec_sampl \TS1/cmt
t/m/n/10 ^^Y \OT1/cmtt/m/n/10 list [3 items][] 
 []


Overfull \hbox (17.2456pt too wide) in paragraph at lines 377--377
[]                                             \OT1/cmtt/m/n/10 [0] \TS1/cmtt/m
/n/10 ^^Y \OT1/cmtt/m/n/10 array[3] <float64>[] 
 []


Overfull \hbox (17.2456pt too wide) in paragraph at lines 377--377
[]                                             \OT1/cmtt/m/n/10 [0] \TS1/cmtt/m
/n/10 ^^Y \OT1/cmtt/m/n/10 array[3] <float64>[] 
 []


Overfull \hbox (32.99547pt too wide) in paragraph at lines 377--377
[]                                        \OT1/cmtt/m/n/10 n_miller_family \TS1
/cmtt/m/n/10 ^^Y \OT1/cmtt/m/n/10 list [3 items][] 
 []


Overfull \hbox (17.2456pt too wide) in paragraph at lines 377--377
[]                                             \OT1/cmtt/m/n/10 [0] \TS1/cmtt/m
/n/10 ^^Y \OT1/cmtt/m/n/10 array[3] <float64>[] 
 []


Overfull \hbox (38.24542pt too wide) in paragraph at lines 377--377
[]                                        \OT1/cmtt/m/n/10 n_miller_normvec \TS
1/cmtt/m/n/10 ^^Y \OT1/cmtt/m/n/10 list [3 items][] 
 []


Overfull \hbox (17.2456pt too wide) in paragraph at lines 377--377
[]                                             \OT1/cmtt/m/n/10 [0] \TS1/cmtt/m
/n/10 ^^Y \OT1/cmtt/m/n/10 array[3] <float64>[] 
 []


Overfull \hbox (69.74515pt too wide) in paragraph at lines 377--377
[]                                        \OT1/cmtt/m/n/10 n_miller_normvec_sam
pl \TS1/cmtt/m/n/10 ^^Y \OT1/cmtt/m/n/10 list [3 items][] 
 []


Overfull \hbox (17.2456pt too wide) in paragraph at lines 377--377
[]                                             \OT1/cmtt/m/n/10 [0] \TS1/cmtt/m
/n/10 ^^Y \OT1/cmtt/m/n/10 array[3] <float64>[] 
 []


Overfull \hbox (32.99547pt too wide) in paragraph at lines 377--377
[]                                        \OT1/cmtt/m/n/10 HPvsTrace_angle \TS1
/cmtt/m/n/10 ^^Y \OT1/cmtt/m/n/10 list [3 items][] 
 []


Overfull \hbox (32.99547pt too wide) in paragraph at lines 377--377
[]                                   \OT1/cmtt/m/n/10 Habit plane direction \TS
1/cmtt/m/n/10 ^^Y \OT1/cmtt/m/n/10 dict [8 keys][] 
 []


Overfull \hbox (27.74428pt too wide) in paragraph at lines 377--377
[]                                             \OT1/cmtt/m/n/10 [0] \TS1/cmtt/m
/n/10 ^^Y \OT1/cmtt/m/n/10 array[2\TS1/cmtt/m/n/10 Ö\OT1/cmtt/m/n/10 3] <float6
4>[] 
 []


Overfull \hbox (11.99565pt too wide) in paragraph at lines 377--377
[]                                        \OT1/cmtt/m/n/10 n_vec_sampl \TS1/cmt
t/m/n/10 ^^Y \OT1/cmtt/m/n/10 list [3 items][] 
 []



[3]
Overfull \hbox (27.74428pt too wide) in paragraph at lines 377--377
[]                                             \OT1/cmtt/m/n/10 [0] \TS1/cmtt/m
/n/10 ^^Y \OT1/cmtt/m/n/10 array[2\TS1/cmtt/m/n/10 Ö\OT1/cmtt/m/n/10 3] <float6
4>[] 
 []


Overfull \hbox (27.74428pt too wide) in paragraph at lines 377--377
[]                                             \OT1/cmtt/m/n/10 [0] \TS1/cmtt/m
/n/10 ^^Y \OT1/cmtt/m/n/10 array[2\TS1/cmtt/m/n/10 Ö\OT1/cmtt/m/n/10 3] <float6
4>[] 
 []


Overfull \hbox (32.99547pt too wide) in paragraph at lines 377--377
[]                                        \OT1/cmtt/m/n/10 n_miller_family \TS1
/cmtt/m/n/10 ^^Y \OT1/cmtt/m/n/10 list [3 items][] 
 []


Overfull \hbox (27.74428pt too wide) in paragraph at lines 377--377
[]                                             \OT1/cmtt/m/n/10 [0] \TS1/cmtt/m
/n/10 ^^Y \OT1/cmtt/m/n/10 array[2\TS1/cmtt/m/n/10 Ö\OT1/cmtt/m/n/10 3] <float6
4>[] 
 []


Overfull \hbox (38.24542pt too wide) in paragraph at lines 377--377
[]                                        \OT1/cmtt/m/n/10 n_miller_normvec \TS
1/cmtt/m/n/10 ^^Y \OT1/cmtt/m/n/10 list [3 items][] 
 []


Overfull \hbox (27.74428pt too wide) in paragraph at lines 377--377
[]                                             \OT1/cmtt/m/n/10 [0] \TS1/cmtt/m
/n/10 ^^Y \OT1/cmtt/m/n/10 array[2\TS1/cmtt/m/n/10 Ö\OT1/cmtt/m/n/10 3] <float6
4>[] 
 []


Overfull \hbox (69.74515pt too wide) in paragraph at lines 377--377
[]                                        \OT1/cmtt/m/n/10 n_miller_normvec_sam
pl \TS1/cmtt/m/n/10 ^^Y \OT1/cmtt/m/n/10 list [3 items][] 
 []


Overfull \hbox (27.74428pt too wide) in paragraph at lines 377--377
[]                                             \OT1/cmtt/m/n/10 [0] \TS1/cmtt/m
/n/10 ^^Y \OT1/cmtt/m/n/10 array[2\TS1/cmtt/m/n/10 Ö\OT1/cmtt/m/n/10 3] <float6
4>[] 
 []


Overfull \hbox (32.99547pt too wide) in paragraph at lines 377--377
[]                                        \OT1/cmtt/m/n/10 HPvsTrace_angle \TS1
/cmtt/m/n/10 ^^Y \OT1/cmtt/m/n/10 list [3 items][] 
 []


Overfull \hbox (17.2456pt too wide) in paragraph at lines 377--377
[]                                             \OT1/cmtt/m/n/10 [0] \TS1/cmtt/m
/n/10 ^^Y \OT1/cmtt/m/n/10 array[2] <float64>[] 
 []


Overfull \hbox (17.2456pt too wide) in paragraph at lines 377--377
[]                                   \OT1/cmtt/m/n/10 Habit plane normal \TS1/c
mtt/m/n/10 ^^Y \OT1/cmtt/m/n/10 dict [8 keys][] 
 []


Overfull \hbox (17.2456pt too wide) in paragraph at lines 377--377
[]                                             \OT1/cmtt/m/n/10 [0] \TS1/cmtt/m
/n/10 ^^Y \OT1/cmtt/m/n/10 array[3] <float64>[] 
 []


Overfull \hbox (11.99565pt too wide) in paragraph at lines 377--377
[]                                        \OT1/cmtt/m/n/10 n_vec_sampl \TS1/cmt
t/m/n/10 ^^Y \OT1/cmtt/m/n/10 list [3 items][] 
 []


Overfull \hbox (17.2456pt too wide) in paragraph at lines 377--377
[]                                             \OT1/cmtt/m/n/10 [0] \TS1/cmtt/m
/n/10 ^^Y \OT1/cmtt/m/n/10 array[3] <float64>[] 
 []


Overfull \hbox (17.2456pt too wide) in paragraph at lines 377--377
[]                                             \OT1/cmtt/m/n/10 [0] \TS1/cmtt/m
/n/10 ^^Y \OT1/cmtt/m/n/10 array[3] <float64>[] 
 []


Overfull \hbox (32.99547pt too wide) in paragraph at lines 377--377
[]                                        \OT1/cmtt/m/n/10 n_miller_family \TS1
/cmtt/m/n/10 ^^Y \OT1/cmtt/m/n/10 list [3 items][] 
 []


Overfull \hbox (17.2456pt too wide) in paragraph at lines 377--377
[]                                             \OT1/cmtt/m/n/10 [0] \TS1/cmtt/m
/n/10 ^^Y \OT1/cmtt/m/n/10 array[3] <float64>[] 
 []


Overfull \hbox (38.24542pt too wide) in paragraph at lines 377--377
[]                                        \OT1/cmtt/m/n/10 n_miller_normvec \TS
1/cmtt/m/n/10 ^^Y \OT1/cmtt/m/n/10 list [3 items][] 
 []


Overfull \hbox (17.2456pt too wide) in paragraph at lines 377--377
[]                                             \OT1/cmtt/m/n/10 [0] \TS1/cmtt/m
/n/10 ^^Y \OT1/cmtt/m/n/10 array[3] <float64>[] 
 []


Overfull \hbox (69.74515pt too wide) in paragraph at lines 377--377
[]                                        \OT1/cmtt/m/n/10 n_miller_normvec_sam
pl \TS1/cmtt/m/n/10 ^^Y \OT1/cmtt/m/n/10 list [3 items][] 
 []


Overfull \hbox (17.2456pt too wide) in paragraph at lines 377--377
[]                                             \OT1/cmtt/m/n/10 [0] \TS1/cmtt/m
/n/10 ^^Y \OT1/cmtt/m/n/10 array[3] <float64>[] 
 []


Overfull \hbox (32.99547pt too wide) in paragraph at lines 377--377
[]                                        \OT1/cmtt/m/n/10 HPvsTrace_angle \TS1
/cmtt/m/n/10 ^^Y \OT1/cmtt/m/n/10 list [3 items][] 
 []


Overfull \hbox (32.99547pt too wide) in paragraph at lines 377--377
[]                                   \OT1/cmtt/m/n/10 Habit plane direction \TS
1/cmtt/m/n/10 ^^Y \OT1/cmtt/m/n/10 dict [8 keys][] 
 []


Overfull \hbox (27.74428pt too wide) in paragraph at lines 377--377
[]                                             \OT1/cmtt/m/n/10 [0] \TS1/cmtt/m
/n/10 ^^Y \OT1/cmtt/m/n/10 array[2\TS1/cmtt/m/n/10 Ö\OT1/cmtt/m/n/10 3] <float6
4>[] 
 []


Overfull \hbox (11.99565pt too wide) in paragraph at lines 377--377
[]                                        \OT1/cmtt/m/n/10 n_vec_sampl \TS1/cmt
t/m/n/10 ^^Y \OT1/cmtt/m/n/10 list [3 items][] 
 []


Overfull \hbox (27.74428pt too wide) in paragraph at lines 377--377
[]                                             \OT1/cmtt/m/n/10 [0] \TS1/cmtt/m
/n/10 ^^Y \OT1/cmtt/m/n/10 array[2\TS1/cmtt/m/n/10 Ö\OT1/cmtt/m/n/10 3] <float6
4>[] 
 []


Overfull \hbox (27.74428pt too wide) in paragraph at lines 377--377
[]                                             \OT1/cmtt/m/n/10 [0] \TS1/cmtt/m
/n/10 ^^Y \OT1/cmtt/m/n/10 array[2\TS1/cmtt/m/n/10 Ö\OT1/cmtt/m/n/10 3] <float6
4>[] 
 []


Overfull \hbox (32.99547pt too wide) in paragraph at lines 377--377
[]                                        \OT1/cmtt/m/n/10 n_miller_family \TS1
/cmtt/m/n/10 ^^Y \OT1/cmtt/m/n/10 list [3 items][] 
 []


Overfull \hbox (27.74428pt too wide) in paragraph at lines 377--377
[]                                             \OT1/cmtt/m/n/10 [0] \TS1/cmtt/m
/n/10 ^^Y \OT1/cmtt/m/n/10 array[2\TS1/cmtt/m/n/10 Ö\OT1/cmtt/m/n/10 3] <float6
4>[] 
 []


Overfull \hbox (38.24542pt too wide) in paragraph at lines 377--377
[]                                        \OT1/cmtt/m/n/10 n_miller_normvec \TS
1/cmtt/m/n/10 ^^Y \OT1/cmtt/m/n/10 list [3 items][] 
 []


Overfull \hbox (27.74428pt too wide) in paragraph at lines 377--377
[]                                             \OT1/cmtt/m/n/10 [0] \TS1/cmtt/m
/n/10 ^^Y \OT1/cmtt/m/n/10 array[2\TS1/cmtt/m/n/10 Ö\OT1/cmtt/m/n/10 3] <float6
4>[] 
 []


Overfull \hbox (69.74515pt too wide) in paragraph at lines 377--377
[]                                        \OT1/cmtt/m/n/10 n_miller_normvec_sam
pl \TS1/cmtt/m/n/10 ^^Y \OT1/cmtt/m/n/10 list [3 items][] 
 []


Overfull \hbox (27.74428pt too wide) in paragraph at lines 377--377
[]                                             \OT1/cmtt/m/n/10 [0] \TS1/cmtt/m
/n/10 ^^Y \OT1/cmtt/m/n/10 array[2\TS1/cmtt/m/n/10 Ö\OT1/cmtt/m/n/10 3] <float6
4>[] 
 []


Overfull \hbox (32.99547pt too wide) in paragraph at lines 377--377
[]                                        \OT1/cmtt/m/n/10 HPvsTrace_angle \TS1
/cmtt/m/n/10 ^^Y \OT1/cmtt/m/n/10 list [3 items][] 
 []


Overfull \hbox (17.2456pt too wide) in paragraph at lines 377--377
[]                                             \OT1/cmtt/m/n/10 [0] \TS1/cmtt/m
/n/10 ^^Y \OT1/cmtt/m/n/10 array[2] <float64>[] 
 []



[4]
Overfull \hbox (27.74551pt too wide) in paragraph at lines 377--377
[]                    \OT1/cmtt/m/n/10 Closes equivalent G2Cryst_allvars \TS1/c
mtt/m/n/10 ^^Y \OT1/cmtt/m/n/10 list [12 items][] 
 []


Overfull \hbox (22.49556pt too wide) in paragraph at lines 377--377
[]                    \OT1/cmtt/m/n/10 Theory <100>PF_avg_symop_allvars \TS1/cm
tt/m/n/10 ^^Y \OT1/cmtt/m/n/10 list [12 items][] 
 []



[5]
Overfull \hbox (6.7457pt too wide) in paragraph at lines 377--377
[]                    \OT1/cmtt/m/n/10 Transformation strain_allvars \TS1/cmtt/
m/n/10 ^^Y \OT1/cmtt/m/n/10 list [12 items][] 
 []


Overfull \hbox (11.99565pt too wide) in paragraph at lines 377--377
[]                         \OT1/cmtt/m/n/10 interface_trace_sample \TS1/cmtt/m/
n/10 ^^Y \OT1/cmtt/m/n/10 array[3] <float64>[] 
 []


Overfull \hbox (32.99547pt too wide) in paragraph at lines 377--377
[]                         \OT1/cmtt/m/n/10 interfacenorm_trace_sample \TS1/cmt
t/m/n/10 ^^Y \OT1/cmtt/m/n/10 array[3] <float64>[] 
 []


Overfull \hbox (22.49432pt too wide) in paragraph at lines 377--377
[]                                   \OT1/cmtt/m/n/10 n_vec_sampl \TS1/cmtt/m/n
/10 ^^Y \OT1/cmtt/m/n/10 array[11\TS1/cmtt/m/n/10 Ö\OT1/cmtt/m/n/10 3] <float64
>[] 
 []


Overfull \hbox (6.74446pt too wide) in paragraph at lines 377--377
[]                                   \OT1/cmtt/m/n/10 n_miller \TS1/cmtt/m/n/10
 ^^Y \OT1/cmtt/m/n/10 array[11\TS1/cmtt/m/n/10 Ö\OT1/cmtt/m/n/10 3] <float64>[]
 
 []


Overfull \hbox (43.49414pt too wide) in paragraph at lines 377--377
[]                                   \OT1/cmtt/m/n/10 n_miller_family \TS1/cmtt
/m/n/10 ^^Y \OT1/cmtt/m/n/10 array[11\TS1/cmtt/m/n/10 Ö\OT1/cmtt/m/n/10 3] <flo
at64>[] 
 []


Overfull \hbox (48.7441pt too wide) in paragraph at lines 377--377
[]                                   \OT1/cmtt/m/n/10 n_miller_normvec \TS1/cmt
t/m/n/10 ^^Y \OT1/cmtt/m/n/10 array[11\TS1/cmtt/m/n/10 Ö\OT1/cmtt/m/n/10 3] <fl
oat64>[] 
 []


Overfull \hbox (80.24382pt too wide) in paragraph at lines 377--377
[]                                   \OT1/cmtt/m/n/10 n_miller_normvec_sampl \T
S1/cmtt/m/n/10 ^^Y \OT1/cmtt/m/n/10 array[11\TS1/cmtt/m/n/10 Ö\OT1/cmtt/m/n/10 
3] <float64>[] 
 []


Overfull \hbox (32.99547pt too wide) in paragraph at lines 377--377
[]                                   \OT1/cmtt/m/n/10 HPvsTrace_angle \TS1/cmtt
/m/n/10 ^^Y \OT1/cmtt/m/n/10 array[11] <float64>[] 
 []


Overfull \hbox (22.49432pt too wide) in paragraph at lines 377--377
[]                                   \OT1/cmtt/m/n/10 n_vec_sampl \TS1/cmtt/m/n
/10 ^^Y \OT1/cmtt/m/n/10 array[15\TS1/cmtt/m/n/10 Ö\OT1/cmtt/m/n/10 3] <float64
>[] 
 []


Overfull \hbox (6.74446pt too wide) in paragraph at lines 377--377
[]                                   \OT1/cmtt/m/n/10 n_miller \TS1/cmtt/m/n/10
 ^^Y \OT1/cmtt/m/n/10 array[15\TS1/cmtt/m/n/10 Ö\OT1/cmtt/m/n/10 3] <float64>[]
 
 []


Overfull \hbox (43.49414pt too wide) in paragraph at lines 377--377
[]                                   \OT1/cmtt/m/n/10 n_miller_family \TS1/cmtt
/m/n/10 ^^Y \OT1/cmtt/m/n/10 array[15\TS1/cmtt/m/n/10 Ö\OT1/cmtt/m/n/10 3] <flo
at64>[] 
 []


Overfull \hbox (48.7441pt too wide) in paragraph at lines 377--377
[]                                   \OT1/cmtt/m/n/10 n_miller_normvec \TS1/cmt
t/m/n/10 ^^Y \OT1/cmtt/m/n/10 array[15\TS1/cmtt/m/n/10 Ö\OT1/cmtt/m/n/10 3] <fl
oat64>[] 
 []


Overfull \hbox (80.24382pt too wide) in paragraph at lines 377--377
[]                                   \OT1/cmtt/m/n/10 n_miller_normvec_sampl \T
S1/cmtt/m/n/10 ^^Y \OT1/cmtt/m/n/10 array[15\TS1/cmtt/m/n/10 Ö\OT1/cmtt/m/n/10 
3] <float64>[] 
 []


Overfull \hbox (32.99547pt too wide) in paragraph at lines 377--377
[]                                   \OT1/cmtt/m/n/10 HPvsTrace_angle \TS1/cmtt
/m/n/10 ^^Y \OT1/cmtt/m/n/10 array[15] <float64>[] 
 []


Overfull \hbox (38.24542pt too wide) in paragraph at lines 377--377
[]                                   \OT1/cmtt/m/n/10 low index habit plane \TS
1/cmtt/m/n/10 ^^Y \OT1/cmtt/m/n/10 list [4 items][] 
 []


Overfull \hbox (17.2456pt too wide) in paragraph at lines 377--377
[]                                   \OT1/cmtt/m/n/10 mean misalignment \TS1/cm
tt/m/n/10 ^^Y \OT1/cmtt/m/n/10 list [4 items][] 
 []



[6]
Overfull \hbox (106.49483pt too wide) in paragraph at lines 377--377
[]                                   \OT1/cmtt/m/n/10 number of corresponding d
irections \TS1/cmtt/m/n/10 ^^Y \OT1/cmtt/m/n/10 list [4 items][] 
 []


Overfull \hbox (17.2456pt too wide) in paragraph at lines 377--377
[]                                   \OT1/cmtt/m/n/10 Habit plane normal \TS1/c
mtt/m/n/10 ^^Y \OT1/cmtt/m/n/10 dict [8 keys][] 
 []


Overfull \hbox (17.2456pt too wide) in paragraph at lines 377--377
[]                                             \OT1/cmtt/m/n/10 [0] \TS1/cmtt/m
/n/10 ^^Y \OT1/cmtt/m/n/10 array[3] <float64>[] 
 []


Overfull \hbox (11.99565pt too wide) in paragraph at lines 377--377
[]                                        \OT1/cmtt/m/n/10 n_vec_sampl \TS1/cmt
t/m/n/10 ^^Y \OT1/cmtt/m/n/10 list [4 items][] 
 []


Overfull \hbox (17.2456pt too wide) in paragraph at lines 377--377
[]                                             \OT1/cmtt/m/n/10 [0] \TS1/cmtt/m
/n/10 ^^Y \OT1/cmtt/m/n/10 array[3] <float64>[] 
 []


Overfull \hbox (17.2456pt too wide) in paragraph at lines 377--377
[]                                             \OT1/cmtt/m/n/10 [0] \TS1/cmtt/m
/n/10 ^^Y \OT1/cmtt/m/n/10 array[3] <float64>[] 
 []


Overfull \hbox (32.99547pt too wide) in paragraph at lines 377--377
[]                                        \OT1/cmtt/m/n/10 n_miller_family \TS1
/cmtt/m/n/10 ^^Y \OT1/cmtt/m/n/10 list [4 items][] 
 []


Overfull \hbox (17.2456pt too wide) in paragraph at lines 377--377
[]                                             \OT1/cmtt/m/n/10 [0] \TS1/cmtt/m
/n/10 ^^Y \OT1/cmtt/m/n/10 array[3] <float64>[] 
 []


Overfull \hbox (38.24542pt too wide) in paragraph at lines 377--377
[]                                        \OT1/cmtt/m/n/10 n_miller_normvec \TS
1/cmtt/m/n/10 ^^Y \OT1/cmtt/m/n/10 list [4 items][] 
 []


Overfull \hbox (17.2456pt too wide) in paragraph at lines 377--377
[]                                             \OT1/cmtt/m/n/10 [0] \TS1/cmtt/m
/n/10 ^^Y \OT1/cmtt/m/n/10 array[3] <float64>[] 
 []


Overfull \hbox (69.74515pt too wide) in paragraph at lines 377--377
[]                                        \OT1/cmtt/m/n/10 n_miller_normvec_sam
pl \TS1/cmtt/m/n/10 ^^Y \OT1/cmtt/m/n/10 list [4 items][] 
 []


Overfull \hbox (17.2456pt too wide) in paragraph at lines 377--377
[]                                             \OT1/cmtt/m/n/10 [0] \TS1/cmtt/m
/n/10 ^^Y \OT1/cmtt/m/n/10 array[3] <float64>[] 
 []


Overfull \hbox (32.99547pt too wide) in paragraph at lines 377--377
[]                                        \OT1/cmtt/m/n/10 HPvsTrace_angle \TS1
/cmtt/m/n/10 ^^Y \OT1/cmtt/m/n/10 list [4 items][] 
 []


Overfull \hbox (32.99547pt too wide) in paragraph at lines 377--377
[]                                   \OT1/cmtt/m/n/10 Habit plane direction \TS
1/cmtt/m/n/10 ^^Y \OT1/cmtt/m/n/10 dict [8 keys][] 
 []


Overfull \hbox (27.74428pt too wide) in paragraph at lines 377--377
[]                                             \OT1/cmtt/m/n/10 [0] \TS1/cmtt/m
/n/10 ^^Y \OT1/cmtt/m/n/10 array[2\TS1/cmtt/m/n/10 Ö\OT1/cmtt/m/n/10 3] <float6
4>[] 
 []


Overfull \hbox (11.99565pt too wide) in paragraph at lines 377--377
[]                                        \OT1/cmtt/m/n/10 n_vec_sampl \TS1/cmt
t/m/n/10 ^^Y \OT1/cmtt/m/n/10 list [4 items][] 
 []


Overfull \hbox (27.74428pt too wide) in paragraph at lines 377--377
[]                                             \OT1/cmtt/m/n/10 [0] \TS1/cmtt/m
/n/10 ^^Y \OT1/cmtt/m/n/10 array[2\TS1/cmtt/m/n/10 Ö\OT1/cmtt/m/n/10 3] <float6
4>[] 
 []


Overfull \hbox (27.74428pt too wide) in paragraph at lines 377--377
[]                                             \OT1/cmtt/m/n/10 [0] \TS1/cmtt/m
/n/10 ^^Y \OT1/cmtt/m/n/10 array[2\TS1/cmtt/m/n/10 Ö\OT1/cmtt/m/n/10 3] <float6
4>[] 
 []


Overfull \hbox (32.99547pt too wide) in paragraph at lines 377--377
[]                                        \OT1/cmtt/m/n/10 n_miller_family \TS1
/cmtt/m/n/10 ^^Y \OT1/cmtt/m/n/10 list [4 items][] 
 []


Overfull \hbox (27.74428pt too wide) in paragraph at lines 377--377
[]                                             \OT1/cmtt/m/n/10 [0] \TS1/cmtt/m
/n/10 ^^Y \OT1/cmtt/m/n/10 array[2\TS1/cmtt/m/n/10 Ö\OT1/cmtt/m/n/10 3] <float6
4>[] 
 []


Overfull \hbox (38.24542pt too wide) in paragraph at lines 377--377
[]                                        \OT1/cmtt/m/n/10 n_miller_normvec \TS
1/cmtt/m/n/10 ^^Y \OT1/cmtt/m/n/10 list [4 items][] 
 []


Overfull \hbox (27.74428pt too wide) in paragraph at lines 377--377
[]                                             \OT1/cmtt/m/n/10 [0] \TS1/cmtt/m
/n/10 ^^Y \OT1/cmtt/m/n/10 array[2\TS1/cmtt/m/n/10 Ö\OT1/cmtt/m/n/10 3] <float6
4>[] 
 []


Overfull \hbox (69.74515pt too wide) in paragraph at lines 377--377
[]                                        \OT1/cmtt/m/n/10 n_miller_normvec_sam
pl \TS1/cmtt/m/n/10 ^^Y \OT1/cmtt/m/n/10 list [4 items][] 
 []


Overfull \hbox (27.74428pt too wide) in paragraph at lines 377--377
[]                                             \OT1/cmtt/m/n/10 [0] \TS1/cmtt/m
/n/10 ^^Y \OT1/cmtt/m/n/10 array[2\TS1/cmtt/m/n/10 Ö\OT1/cmtt/m/n/10 3] <float6
4>[] 
 []


Overfull \hbox (32.99547pt too wide) in paragraph at lines 377--377
[]                                        \OT1/cmtt/m/n/10 HPvsTrace_angle \TS1
/cmtt/m/n/10 ^^Y \OT1/cmtt/m/n/10 list [4 items][] 
 []


Overfull \hbox (17.2456pt too wide) in paragraph at lines 377--377
[]                                             \OT1/cmtt/m/n/10 [0] \TS1/cmtt/m
/n/10 ^^Y \OT1/cmtt/m/n/10 array[2] <float64>[] 
 []


Overfull \hbox (17.2456pt too wide) in paragraph at lines 377--377
[]                                   \OT1/cmtt/m/n/10 Habit plane normal \TS1/c
mtt/m/n/10 ^^Y \OT1/cmtt/m/n/10 dict [8 keys][] 
 []


Overfull \hbox (17.2456pt too wide) in paragraph at lines 377--377
[]                                             \OT1/cmtt/m/n/10 [0] \TS1/cmtt/m
/n/10 ^^Y \OT1/cmtt/m/n/10 array[3] <float64>[] 
 []


Overfull \hbox (11.99565pt too wide) in paragraph at lines 377--377
[]                                        \OT1/cmtt/m/n/10 n_vec_sampl \TS1/cmt
t/m/n/10 ^^Y \OT1/cmtt/m/n/10 list [4 items][] 
 []


Overfull \hbox (17.2456pt too wide) in paragraph at lines 377--377
[]                                             \OT1/cmtt/m/n/10 [0] \TS1/cmtt/m
/n/10 ^^Y \OT1/cmtt/m/n/10 array[3] <float64>[] 
 []



[7]
Overfull \hbox (17.2456pt too wide) in paragraph at lines 377--377
[]                                             \OT1/cmtt/m/n/10 [0] \TS1/cmtt/m
/n/10 ^^Y \OT1/cmtt/m/n/10 array[3] <float64>[] 
 []


Overfull \hbox (32.99547pt too wide) in paragraph at lines 377--377
[]                                        \OT1/cmtt/m/n/10 n_miller_family \TS1
/cmtt/m/n/10 ^^Y \OT1/cmtt/m/n/10 list [4 items][] 
 []


Overfull \hbox (17.2456pt too wide) in paragraph at lines 377--377
[]                                             \OT1/cmtt/m/n/10 [0] \TS1/cmtt/m
/n/10 ^^Y \OT1/cmtt/m/n/10 array[3] <float64>[] 
 []


Overfull \hbox (38.24542pt too wide) in paragraph at lines 377--377
[]                                        \OT1/cmtt/m/n/10 n_miller_normvec \TS
1/cmtt/m/n/10 ^^Y \OT1/cmtt/m/n/10 list [4 items][] 
 []


Overfull \hbox (17.2456pt too wide) in paragraph at lines 377--377
[]                                             \OT1/cmtt/m/n/10 [0] \TS1/cmtt/m
/n/10 ^^Y \OT1/cmtt/m/n/10 array[3] <float64>[] 
 []


Overfull \hbox (69.74515pt too wide) in paragraph at lines 377--377
[]                                        \OT1/cmtt/m/n/10 n_miller_normvec_sam
pl \TS1/cmtt/m/n/10 ^^Y \OT1/cmtt/m/n/10 list [4 items][] 
 []


Overfull \hbox (17.2456pt too wide) in paragraph at lines 377--377
[]                                             \OT1/cmtt/m/n/10 [0] \TS1/cmtt/m
/n/10 ^^Y \OT1/cmtt/m/n/10 array[3] <float64>[] 
 []


Overfull \hbox (32.99547pt too wide) in paragraph at lines 377--377
[]                                        \OT1/cmtt/m/n/10 HPvsTrace_angle \TS1
/cmtt/m/n/10 ^^Y \OT1/cmtt/m/n/10 list [4 items][] 
 []


Overfull \hbox (32.99547pt too wide) in paragraph at lines 377--377
[]                                   \OT1/cmtt/m/n/10 Habit plane direction \TS
1/cmtt/m/n/10 ^^Y \OT1/cmtt/m/n/10 dict [8 keys][] 
 []


Overfull \hbox (27.74428pt too wide) in paragraph at lines 377--377
[]                                             \OT1/cmtt/m/n/10 [0] \TS1/cmtt/m
/n/10 ^^Y \OT1/cmtt/m/n/10 array[2\TS1/cmtt/m/n/10 Ö\OT1/cmtt/m/n/10 3] <float6
4>[] 
 []


Overfull \hbox (11.99565pt too wide) in paragraph at lines 377--377
[]                                        \OT1/cmtt/m/n/10 n_vec_sampl \TS1/cmt
t/m/n/10 ^^Y \OT1/cmtt/m/n/10 list [4 items][] 
 []


Overfull \hbox (27.74428pt too wide) in paragraph at lines 377--377
[]                                             \OT1/cmtt/m/n/10 [0] \TS1/cmtt/m
/n/10 ^^Y \OT1/cmtt/m/n/10 array[2\TS1/cmtt/m/n/10 Ö\OT1/cmtt/m/n/10 3] <float6
4>[] 
 []


Overfull \hbox (27.74428pt too wide) in paragraph at lines 377--377
[]                                             \OT1/cmtt/m/n/10 [0] \TS1/cmtt/m
/n/10 ^^Y \OT1/cmtt/m/n/10 array[2\TS1/cmtt/m/n/10 Ö\OT1/cmtt/m/n/10 3] <float6
4>[] 
 []


Overfull \hbox (32.99547pt too wide) in paragraph at lines 377--377
[]                                        \OT1/cmtt/m/n/10 n_miller_family \TS1
/cmtt/m/n/10 ^^Y \OT1/cmtt/m/n/10 list [4 items][] 
 []


Overfull \hbox (27.74428pt too wide) in paragraph at lines 377--377
[]                                             \OT1/cmtt/m/n/10 [0] \TS1/cmtt/m
/n/10 ^^Y \OT1/cmtt/m/n/10 array[2\TS1/cmtt/m/n/10 Ö\OT1/cmtt/m/n/10 3] <float6
4>[] 
 []


Overfull \hbox (38.24542pt too wide) in paragraph at lines 377--377
[]                                        \OT1/cmtt/m/n/10 n_miller_normvec \TS
1/cmtt/m/n/10 ^^Y \OT1/cmtt/m/n/10 list [4 items][] 
 []


Overfull \hbox (27.74428pt too wide) in paragraph at lines 377--377
[]                                             \OT1/cmtt/m/n/10 [0] \TS1/cmtt/m
/n/10 ^^Y \OT1/cmtt/m/n/10 array[2\TS1/cmtt/m/n/10 Ö\OT1/cmtt/m/n/10 3] <float6
4>[] 
 []


Overfull \hbox (69.74515pt too wide) in paragraph at lines 377--377
[]                                        \OT1/cmtt/m/n/10 n_miller_normvec_sam
pl \TS1/cmtt/m/n/10 ^^Y \OT1/cmtt/m/n/10 list [4 items][] 
 []


Overfull \hbox (27.74428pt too wide) in paragraph at lines 377--377
[]                                             \OT1/cmtt/m/n/10 [0] \TS1/cmtt/m
/n/10 ^^Y \OT1/cmtt/m/n/10 array[2\TS1/cmtt/m/n/10 Ö\OT1/cmtt/m/n/10 3] <float6
4>[] 
 []


Overfull \hbox (32.99547pt too wide) in paragraph at lines 377--377
[]                                        \OT1/cmtt/m/n/10 HPvsTrace_angle \TS1
/cmtt/m/n/10 ^^Y \OT1/cmtt/m/n/10 list [4 items][] 
 []


Overfull \hbox (17.2456pt too wide) in paragraph at lines 377--377
[]                                             \OT1/cmtt/m/n/10 [0] \TS1/cmtt/m
/n/10 ^^Y \OT1/cmtt/m/n/10 array[2] <float64>[] 
 []



[8] (./HP_structure.aux)
 ***********
LaTeX2e <2024-11-01> patch level 2
L3 programming layer <2025-01-18>
 ***********
 ) 
Here is how much of TeX's memory you used:
 931 strings out of 473197
 16521 string characters out of 5718604
 459768 words of memory out of 5000000
 24240 multiletter control sequences out of 15000+600000
 562337 words of font info for 48 fonts, out of 8000000 for 9000
 1141 hyphenation exceptions out of 8191
 42i,6n,51p,233b,277s stack positions out of 10000i,1000n,20000p,200000b,200000s
</usr/share/texlive/texmf-dist/fonts/type1/public/amsfonts/cm/cmr10.pfb></usr
/share/texlive/texmf-dist/fonts/type1/public/amsfonts/cm/cmr12.pfb></usr/share/
texlive/texmf-dist/fonts/type1/public/amsfonts/cm/cmr17.pfb></usr/share/texlive
/texmf-dist/fonts/type1/public/amsfonts/cm/cmtt10.pfb></usr/share/texmf/fonts/t
ype1/public/cm-super/sftt1000.pfb>
Output written on HP_structure.pdf (8 pages, 75744 bytes).
PDF statistics:
 57 PDF objects out of 1000 (max. 8388607)
 36 compressed objects within 1 object stream
 0 named destinations out of 1000 (max. 500000)
 1 words of extra memory for PDF output out of 10000 (max. 10000000)

